Archive member included to satisfy reference by file (symbol)

c:/st/stm32cubeide_1.7.0/stm32cubeide/plugins/com.st.stm32cube.ide.mcu.externaltools.gnu-tools-for-stm32.9-2020-q2-update.win32_2.0.0.202105311346/tools/bin/../lib/gcc/arm-none-eabi/9.3.1/../../../../arm-none-eabi/lib/thumb/v7-m/nofp\libc_nano.a(lib_a-errno.o)
                              ./Core/Src/syscalls.o (__errno)
c:/st/stm32cubeide_1.7.0/stm32cubeide/plugins/com.st.stm32cube.ide.mcu.externaltools.gnu-tools-for-stm32.9-2020-q2-update.win32_2.0.0.202105311346/tools/bin/../lib/gcc/arm-none-eabi/9.3.1/../../../../arm-none-eabi/lib/thumb/v7-m/nofp\libc_nano.a(lib_a-exit.o)
                              c:/st/stm32cubeide_1.7.0/stm32cubeide/plugins/com.st.stm32cube.ide.mcu.externaltools.gnu-tools-for-stm32.9-2020-q2-update.win32_2.0.0.202105311346/tools/bin/../lib/gcc/arm-none-eabi/9.3.1/../../../../arm-none-eabi/lib/thumb/v7-m/nofp/crt0.o (exit)
c:/st/stm32cubeide_1.7.0/stm32cubeide/plugins/com.st.stm32cube.ide.mcu.externaltools.gnu-tools-for-stm32.9-2020-q2-update.win32_2.0.0.202105311346/tools/bin/../lib/gcc/arm-none-eabi/9.3.1/../../../../arm-none-eabi/lib/thumb/v7-m/nofp\libc_nano.a(lib_a-impure.o)
                              c:/st/stm32cubeide_1.7.0/stm32cubeide/plugins/com.st.stm32cube.ide.mcu.externaltools.gnu-tools-for-stm32.9-2020-q2-update.win32_2.0.0.202105311346/tools/bin/../lib/gcc/arm-none-eabi/9.3.1/../../../../arm-none-eabi/lib/thumb/v7-m/nofp\libc_nano.a(lib_a-exit.o) (_global_impure_ptr)
c:/st/stm32cubeide_1.7.0/stm32cubeide/plugins/com.st.stm32cube.ide.mcu.externaltools.gnu-tools-for-stm32.9-2020-q2-update.win32_2.0.0.202105311346/tools/bin/../lib/gcc/arm-none-eabi/9.3.1/../../../../arm-none-eabi/lib/thumb/v7-m/nofp\libc_nano.a(lib_a-init.o)
                              c:/st/stm32cubeide_1.7.0/stm32cubeide/plugins/com.st.stm32cube.ide.mcu.externaltools.gnu-tools-for-stm32.9-2020-q2-update.win32_2.0.0.202105311346/tools/bin/../lib/gcc/arm-none-eabi/9.3.1/../../../../arm-none-eabi/lib/thumb/v7-m/nofp/crt0.o (__libc_init_array)
c:/st/stm32cubeide_1.7.0/stm32cubeide/plugins/com.st.stm32cube.ide.mcu.externaltools.gnu-tools-for-stm32.9-2020-q2-update.win32_2.0.0.202105311346/tools/bin/../lib/gcc/arm-none-eabi/9.3.1/../../../../arm-none-eabi/lib/thumb/v7-m/nofp\libc_nano.a(lib_a-memset.o)
                              c:/st/stm32cubeide_1.7.0/stm32cubeide/plugins/com.st.stm32cube.ide.mcu.externaltools.gnu-tools-for-stm32.9-2020-q2-update.win32_2.0.0.202105311346/tools/bin/../lib/gcc/arm-none-eabi/9.3.1/../../../../arm-none-eabi/lib/thumb/v7-m/nofp/crt0.o (memset)

Allocating common symbols
Common symbol       size              file

uwTick              0x4               ./Drivers/STM32F1xx_HAL_Driver/Src/stm32f1xx_hal.o
pFlash              0x20              ./Drivers/STM32F1xx_HAL_Driver/Src/stm32f1xx_hal_flash.o
htim2               0x48              ./Core/Src/main.o

Discarded input sections

 .text          0x0000000000000000        0x0 c:/st/stm32cubeide_1.7.0/stm32cubeide/plugins/com.st.stm32cube.ide.mcu.externaltools.gnu-tools-for-stm32.9-2020-q2-update.win32_2.0.0.202105311346/tools/bin/../lib/gcc/arm-none-eabi/9.3.1/thumb/v7-m/nofp/crti.o
 .data          0x0000000000000000        0x0 c:/st/stm32cubeide_1.7.0/stm32cubeide/plugins/com.st.stm32cube.ide.mcu.externaltools.gnu-tools-for-stm32.9-2020-q2-update.win32_2.0.0.202105311346/tools/bin/../lib/gcc/arm-none-eabi/9.3.1/thumb/v7-m/nofp/crti.o
 .bss           0x0000000000000000        0x0 c:/st/stm32cubeide_1.7.0/stm32cubeide/plugins/com.st.stm32cube.ide.mcu.externaltools.gnu-tools-for-stm32.9-2020-q2-update.win32_2.0.0.202105311346/tools/bin/../lib/gcc/arm-none-eabi/9.3.1/thumb/v7-m/nofp/crti.o
 .data          0x0000000000000000        0x4 c:/st/stm32cubeide_1.7.0/stm32cubeide/plugins/com.st.stm32cube.ide.mcu.externaltools.gnu-tools-for-stm32.9-2020-q2-update.win32_2.0.0.202105311346/tools/bin/../lib/gcc/arm-none-eabi/9.3.1/thumb/v7-m/nofp/crtbegin.o
 .text          0x0000000000000000       0x7c c:/st/stm32cubeide_1.7.0/stm32cubeide/plugins/com.st.stm32cube.ide.mcu.externaltools.gnu-tools-for-stm32.9-2020-q2-update.win32_2.0.0.202105311346/tools/bin/../lib/gcc/arm-none-eabi/9.3.1/../../../../arm-none-eabi/lib/thumb/v7-m/nofp/crt0.o
 .data          0x0000000000000000        0x0 c:/st/stm32cubeide_1.7.0/stm32cubeide/plugins/com.st.stm32cube.ide.mcu.externaltools.gnu-tools-for-stm32.9-2020-q2-update.win32_2.0.0.202105311346/tools/bin/../lib/gcc/arm-none-eabi/9.3.1/../../../../arm-none-eabi/lib/thumb/v7-m/nofp/crt0.o
 .bss           0x0000000000000000        0x0 c:/st/stm32cubeide_1.7.0/stm32cubeide/plugins/com.st.stm32cube.ide.mcu.externaltools.gnu-tools-for-stm32.9-2020-q2-update.win32_2.0.0.202105311346/tools/bin/../lib/gcc/arm-none-eabi/9.3.1/../../../../arm-none-eabi/lib/thumb/v7-m/nofp/crt0.o
[...]
Memory Configuration

Name             Origin             Length             Attributes
RAM              0x0000000020000000 0x0000000000002800 xrw
FLASH            0x0000000008000000 0x0000000000008000 xr
*default*        0x0000000000000000 0xffffffffffffffff

Linker script and memory map

LOAD c:/st/stm32cubeide_1.7.0/stm32cubeide/plugins/com.st.stm32cube.ide.mcu.externaltools.gnu-tools-for-stm32.9-2020-q2-update.win32_2.0.0.202105311346/tools/bin/../lib/gcc/arm-none-eabi/9.3.1/thumb/v7-m/nofp/crti.o
LOAD c:/st/stm32cubeide_1.7.0/stm32cubeide/plugins/com.st.stm32cube.ide.mcu.externaltools.gnu-tools-for-stm32.9-2020-q2-update.win32_2.0.0.202105311346/tools/bin/../lib/gcc/arm-none-eabi/9.3.1/thumb/v7-m/nofp/crtbegin.o
LOAD c:/st/stm32cubeide_1.7.0/stm32cubeide/plugins/com.st.stm32cube.ide.mcu.externaltools.gnu-tools-for-stm32.9-2020-q2-update.win32_2.0.0.202105311346/tools/bin/../lib/gcc/arm-none-eabi/9.3.1/../../../../arm-none-eabi/lib/thumb/v7-m/nofp/crt0.o
LOAD ./Core/Src/button.o
LOAD ./Core/Src/control_7SEG.o
LOAD ./Core/Src/fsm_7SEG_horizontal.o
LOAD ./Core/Src/fsm_7SEG_vertical.o
LOAD ./Core/Src/fsm_system.o
LOAD ./Core/Src/fsm_traffic_blink.o
LOAD ./Core/Src/fsm_traffic_horizontal.o
LOAD ./Core/Src/fsm_traffic_vertical.o
LOAD ./Core/Src/global.o
LOAD ./Core/Src/main.o
LOAD ./Core/Src/software_timer.o
LOAD ./Core/Src/stm32f1xx_hal_msp.o
LOAD ./Core/Src/stm32f1xx_it.o
LOAD ./Core/Src/syscalls.o
LOAD ./Core/Src/sysmem.o
LOAD ./Core/Src/system_stm32f1xx.o
LOAD ./Core/Src/traffic.o
LOAD ./Core/Src/traffic_buffer.o
LOAD ./Core/Startup/startup_stm32f103c6ux.o
LOAD ./Drivers/STM32F1xx_HAL_Driver/Src/stm32f1xx_hal.o
LOAD ./Drivers/STM32F1xx_HAL_Driver/Src/stm32f1xx_hal_cortex.o
LOAD ./Drivers/STM32F1xx_HAL_Driver/Src/stm32f1xx_hal_dma.o
LOAD ./Drivers/STM32F1xx_HAL_Driver/Src/stm32f1xx_hal_exti.o
LOAD ./Drivers/STM32F1xx_HAL_Driver/Src/stm32f1xx_hal_flash.o
LOAD ./Drivers/STM32F1xx_HAL_Driver/Src/stm32f1xx_hal_flash_ex.o
LOAD ./Drivers/STM32F1xx_HAL_Driver/Src/stm32f1xx_hal_gpio.o
LOAD ./Drivers/STM32F1xx_HAL_Driver/Src/stm32f1xx_hal_gpio_ex.o
LOAD ./Drivers/STM32F1xx_HAL_Driver/Src/stm32f1xx_hal_pwr.o
LOAD ./Drivers/STM32F1xx_HAL_Driver/Src/stm32f1xx_hal_rcc.o
LOAD ./Drivers/STM32F1xx_HAL_Driver/Src/stm32f1xx_hal_rcc_ex.o
LOAD ./Drivers/STM32F1xx_HAL_Driver/Src/stm32f1xx_hal_tim.o
LOAD ./Drivers/STM32F1xx_HAL_Driver/Src/stm32f1xx_hal_tim_ex.o
START GROUP
LOAD c:/st/stm32cubeide_1.7.0/stm32cubeide/plugins/com.st.stm32cube.ide.mcu.externaltools.gnu-tools-for-stm32.9-2020-q2-update.win32_2.0.0.202105311346/tools/bin/../lib/gcc/arm-none-eabi/9.3.1/../../../../arm-none-eabi/lib/thumb/v7-m/nofp\libc_nano.a
LOAD c:/st/stm32cubeide_1.7.0/stm32cubeide/plugins/com.st.stm32cube.ide.mcu.externaltools.gnu-tools-for-stm32.9-2020-q2-update.win32_2.0.0.202105311346/tools/bin/../lib/gcc/arm-none-eabi/9.3.1/../../../../arm-none-eabi/lib/thumb/v7-m/nofp\libm.a
END GROUP
START GROUP
LOAD c:/st/stm32cubeide_1.7.0/stm32cubeide/plugins/com.st.stm32cube.ide.mcu.externaltools.gnu-tools-for-stm32.9-2020-q2-update.win32_2.0.0.202105311346/tools/bin/../lib/gcc/arm-none-eabi/9.3.1/thumb/v7-m/nofp\libgcc.a
LOAD c:/st/stm32cubeide_1.7.0/stm32cubeide/plugins/com.st.stm32cube.ide.mcu.externaltools.gnu-tools-for-stm32.9-2020-q2-update.win32_2.0.0.202105311346/tools/bin/../lib/gcc/arm-none-eabi/9.3.1/../../../../arm-none-eabi/lib/thumb/v7-m/nofp\libc_nano.a
END GROUP
START GROUP
LOAD c:/st/stm32cubeide_1.7.0/stm32cubeide/plugins/com.st.stm32cube.ide.mcu.externaltools.gnu-tools-for-stm32.9-2020-q2-update.win32_2.0.0.202105311346/tools/bin/../lib/gcc/arm-none-eabi/9.3.1/thumb/v7-m/nofp\libgcc.a
LOAD c:/st/stm32cubeide_1.7.0/stm32cubeide/plugins/com.st.stm32cube.ide.mcu.externaltools.gnu-tools-for-stm32.9-2020-q2-update.win32_2.0.0.202105311346/tools/bin/../lib/gcc/arm-none-eabi/9.3.1/../../../../arm-none-eabi/lib/thumb/v7-m/nofp\libc_nano.a
LOAD c:/st/stm32cubeide_1.7.0/stm32cubeide/plugins/com.st.stm32cube.ide.mcu.externaltools.gnu-tools-for-stm32.9-2020-q2-update.win32_2.0.0.202105311346/tools/bin/../lib/gcc/arm-none-eabi/9.3.1/../../../../arm-none-eabi/lib/thumb/v7-m/nofp\libnosys.a
END GROUP
START GROUP
LOAD c:/st/stm32cubeide_1.7.0/stm32cubeide/plugins/com.st.stm32cube.ide.mcu.externaltools.gnu-tools-for-stm32.9-2020-q2-update.win32_2.0.0.202105311346/tools/bin/../lib/gcc/arm-none-eabi/9.3.1/thumb/v7-m/nofp\libgcc.a
LOAD c:/st/stm32cubeide_1.7.0/stm32cubeide/plugins/com.st.stm32cube.ide.mcu.externaltools.gnu-tools-for-stm32.9-2020-q2-update.win32_2.0.0.202105311346/tools/bin/../lib/gcc/arm-none-eabi/9.3.1/../../../../arm-none-eabi/lib/thumb/v7-m/nofp\libc_nano.a
LOAD c:/st/stm32cubeide_1.7.0/stm32cubeide/plugins/com.st.stm32cube.ide.mcu.externaltools.gnu-tools-for-stm32.9-2020-q2-update.win32_2.0.0.202105311346/tools/bin/../lib/gcc/arm-none-eabi/9.3.1/../../../../arm-none-eabi/lib/thumb/v7-m/nofp\libnosys.a
END GROUP
LOAD c:/st/stm32cubeide_1.7.0/stm32cubeide/plugins/com.st.stm32cube.ide.mcu.externaltools.gnu-tools-for-stm32.9-2020-q2-update.win32_2.0.0.202105311346/tools/bin/../lib/gcc/arm-none-eabi/9.3.1/thumb/v7-m/nofp/crtend.o
LOAD c:/st/stm32cubeide_1.7.0/stm32cubeide/plugins/com.st.stm32cube.ide.mcu.externaltools.gnu-tools-for-stm32.9-2020-q2-update.win32_2.0.0.202105311346/tools/bin/../lib/gcc/arm-none-eabi/9.3.1/thumb/v7-m/nofp/crtn.o
                0x0000000020002800                _estack = (ORIGIN (RAM) + LENGTH (RAM))
                0x0000000000000200                _Min_Heap_Size = 0x200
                0x0000000000000400                _Min_Stack_Size = 0x400

.isr_vector     0x0000000008000000      0x10c
                0x0000000008000000                . = ALIGN (0x4)
 *(.isr_vector)
 .isr_vector    0x0000000008000000      0x10c ./Core/Startup/startup_stm32f103c6ux.o
                0x0000000008000000                g_pfnVectors
                0x000000000800010c                . = ALIGN (0x4)

.text           0x000000000800010c     0x34f0
                0x000000000800010c                . = ALIGN (0x4)
 *(.text)
 .text          0x000000000800010c       0x40 c:/st/stm32cubeide_1.7.0/stm32cubeide/plugins/com.st.stm32cube.ide.mcu.externaltools.gnu-tools-for-stm32.9-2020-q2-update.win32_2.0.0.202105311346/tools/bin/../lib/gcc/arm-none-eabi/9.3.1/thumb/v7-m/nofp/crtbegin.o
 *(.text*)
 .text.isButton_BUT1_Pressed
                0x000000000800014c       0x24 ./Core/Src/button.o
                0x000000000800014c                isButton_BUT1_Pressed
 .text.isButton_BUT2_Pressed
                0x0000000008000170       0x24 ./Core/Src/button.o
                0x0000000008000170                isButton_BUT2_Pressed
 .text.isButton_BUT3_Pressed
                0x0000000008000194       0x24 ./Core/Src/button.o
                0x0000000008000194                isButton_BUT3_Pressed
 .text.getKeyInput
                0x00000000080001b8      0x284 ./Core/Src/button.o
                0x00000000080001b8                getKeyInput
 .text.display7SEG_horizontal
                0x000000000800043c      0x30c ./Core/Src/control_7SEG.o
                0x000000000800043c                display7SEG_horizontal
 .text.display7SEG_vertical
                0x0000000008000748      0x37c ./Core/Src/control_7SEG.o
                0x0000000008000748                display7SEG_vertical
 .text.update7SEG_horizontal
                0x0000000008000ac4       0x70 ./Core/Src/control_7SEG.o
                0x0000000008000ac4                update7SEG_horizontal
 .text.update7SEG_vertical
                0x0000000008000b34       0x70 ./Core/Src/control_7SEG.o
                0x0000000008000b34                update7SEG_vertical
 .text.fsm_7SEG_horizontal_run
                0x0000000008000ba4      0x128 ./Core/Src/fsm_7SEG_horizontal.o
                0x0000000008000ba4                fsm_7SEG_horizontal_run
 .text.fsm_7SEG_vertical_run
                0x0000000008000ccc       0x84 ./Core/Src/fsm_7SEG_vertical.o
                0x0000000008000ccc                fsm_7SEG_vertical_run
 .text.fsm_system_run
                0x0000000008000d50      0x28c ./Core/Src/fsm_system.o
                0x0000000008000d50                fsm_system_run
 .text.fsm_traffic_blink_horizontal_run
                0x0000000008000fdc      0x24c ./Core/Src/fsm_traffic_blink.o
                0x0000000008000fdc                fsm_traffic_blink_horizontal_run
 .text.fsm_traffic_blink_vertical_run
                0x0000000008001228      0x25c ./Core/Src/fsm_traffic_blink.o
                0x0000000008001228                fsm_traffic_blink_vertical_run
 .text.fsm_traffic_horizontal_run
                0x0000000008001484       0x94 ./Core/Src/fsm_traffic_horizontal.o
                0x0000000008001484                fsm_traffic_horizontal_run
 .text.fsm_traffic_vertical_run
                0x0000000008001518       0xe4 ./Core/Src/fsm_traffic_vertical.o
                0x0000000008001518                fsm_traffic_vertical_run
 .text.main     0x00000000080015fc       0x70 ./Core/Src/main.o
                0x00000000080015fc                main
 .text.SystemClock_Config
                0x000000000800166c       0x76 ./Core/Src/main.o
                0x000000000800166c                SystemClock_Config
 *fill*         0x00000000080016e2        0x2 
 .text.MX_TIM2_Init
                0x00000000080016e4       0x98 ./Core/Src/main.o
 .text.MX_GPIO_Init
                0x000000000800177c       0xc8 ./Core/Src/main.o
 .text.HAL_TIM_PeriodElapsedCallback
                0x0000000008001844       0x18 ./Core/Src/main.o
                0x0000000008001844                HAL_TIM_PeriodElapsedCallback
 .text.Error_Handler
                0x000000000800185c        0xa ./Core/Src/main.o
                0x000000000800185c                Error_Handler
 *fill*         0x0000000008001866        0x2 
 .text.setTimer1
                0x0000000008001868       0x34 ./Core/Src/software_timer.o
                0x0000000008001868                setTimer1
 .text.setTimer2
                0x000000000800189c       0x34 ./Core/Src/software_timer.o
                0x000000000800189c                setTimer2
 .text.setTimer3
                0x00000000080018d0       0x34 ./Core/Src/software_timer.o
                0x00000000080018d0                setTimer3
 .text.setTimer4
                0x0000000008001904       0x34 ./Core/Src/software_timer.o
                0x0000000008001904                setTimer4
 .text.setTimer5
                0x0000000008001938       0x34 ./Core/Src/software_timer.o
                0x0000000008001938                setTimer5
 .text.setTimer6
                0x000000000800196c       0x34 ./Core/Src/software_timer.o
                0x000000000800196c                setTimer6
 .text.setTimer7
                0x00000000080019a0       0x34 ./Core/Src/software_timer.o
                0x00000000080019a0                setTimer7
 .text.setTimer8
                0x00000000080019d4       0x34 ./Core/Src/software_timer.o
                0x00000000080019d4                setTimer8
 .text.setTimer10
                0x0000000008001a08       0x34 ./Core/Src/software_timer.o
                0x0000000008001a08                setTimer10
 .text.timerRun
                0x0000000008001a3c      0x19c ./Core/Src/software_timer.o
                0x0000000008001a3c                timerRun
 .text.HAL_MspInit
                0x0000000008001bd8       0x64 ./Core/Src/stm32f1xx_hal_msp.o
                0x0000000008001bd8                HAL_MspInit
 .text.HAL_TIM_Base_MspInit
                0x0000000008001c3c       0x48 ./Core/Src/stm32f1xx_hal_msp.o
                0x0000000008001c3c                HAL_TIM_Base_MspInit
 .text.NMI_Handler
                0x0000000008001c84        0x6 ./Core/Src/stm32f1xx_it.o
                0x0000000008001c84                NMI_Handler
 .text.HardFault_Handler
                0x0000000008001c8a        0x6 ./Core/Src/stm32f1xx_it.o
                0x0000000008001c8a                HardFault_Handler
 .text.MemManage_Handler
                0x0000000008001c90        0x6 ./Core/Src/stm32f1xx_it.o
                0x0000000008001c90                MemManage_Handler
 .text.BusFault_Handler
                0x0000000008001c96        0x6 ./Core/Src/stm32f1xx_it.o
                0x0000000008001c96                BusFault_Handler
 .text.UsageFault_Handler
                0x0000000008001c9c        0x6 ./Core/Src/stm32f1xx_it.o
                0x0000000008001c9c                UsageFault_Handler
 .text.SVC_Handler
                0x0000000008001ca2        0xc ./Core/Src/stm32f1xx_it.o
                0x0000000008001ca2                SVC_Handler
 .text.DebugMon_Handler
                0x0000000008001cae        0xc ./Core/Src/stm32f1xx_it.o
                0x0000000008001cae                DebugMon_Handler
 .text.PendSV_Handler
                0x0000000008001cba        0xc ./Core/Src/stm32f1xx_it.o
                0x0000000008001cba                PendSV_Handler
 .text.SysTick_Handler
                0x0000000008001cc6        0xc ./Core/Src/stm32f1xx_it.o
                0x0000000008001cc6                SysTick_Handler
 *fill*         0x0000000008001cd2        0x2 
 .text.TIM2_IRQHandler
                0x0000000008001cd4       0x14 ./Core/Src/stm32f1xx_it.o
                0x0000000008001cd4                TIM2_IRQHandler
 .text.SystemInit
                0x0000000008001ce8        0xc ./Core/Src/system_stm32f1xx.o
                0x0000000008001ce8                SystemInit
 .text.setRed_horizontal
                0x0000000008001cf4       0x2c ./Core/Src/traffic.o
                0x0000000008001cf4                setRed_horizontal
 .text.setGreen_horizontal
                0x0000000008001d20       0x2c ./Core/Src/traffic.o
                0x0000000008001d20                setGreen_horizontal
 .text.setYellow_horizontal
                0x0000000008001d4c       0x2c ./Core/Src/traffic.o
                0x0000000008001d4c                setYellow_horizontal
 .text.setRed_vertical
                0x0000000008001d78       0x30 ./Core/Src/traffic.o
                0x0000000008001d78                setRed_vertical
 .text.setGreen_vertical
                0x0000000008001da8       0x30 ./Core/Src/traffic.o
                0x0000000008001da8                setGreen_vertical
 .text.setYellow_vertical
                0x0000000008001dd8       0x30 ./Core/Src/traffic.o
                0x0000000008001dd8                setYellow_vertical
 .text.toggleLedRed
                0x0000000008001e08       0x14 ./Core/Src/traffic.o
                0x0000000008001e08                toggleLedRed
 .text.toggleRed_horizontal
                0x0000000008001e1c       0x14 ./Core/Src/traffic.o
                0x0000000008001e1c                toggleRed_horizontal
 .text.toggleGreen_horizontal
                0x0000000008001e30       0x14 ./Core/Src/traffic.o
                0x0000000008001e30                toggleGreen_horizontal
 .text.toggleYellow_horizontal
                0x0000000008001e44       0x14 ./Core/Src/traffic.o
                0x0000000008001e44                toggleYellow_horizontal
 .text.toggleRed_vertical
                0x0000000008001e58       0x18 ./Core/Src/traffic.o
                0x0000000008001e58                toggleRed_vertical
 .text.toggleGreen_vertical
                0x0000000008001e70       0x18 ./Core/Src/traffic.o
                0x0000000008001e70                toggleGreen_vertical
 .text.toggleYellow_vertical
                0x0000000008001e88       0x18 ./Core/Src/traffic.o
                0x0000000008001e88                toggleYellow_vertical
 .text.offGreenYellow_horizontal
                0x0000000008001ea0       0x20 ./Core/Src/traffic.o
                0x0000000008001ea0                offGreenYellow_horizontal
 .text.offGreenRed_horizontal
                0x0000000008001ec0       0x20 ./Core/Src/traffic.o
                0x0000000008001ec0                offGreenRed_horizontal
 .text.offRedYellow_horizontal
                0x0000000008001ee0       0x20 ./Core/Src/traffic.o
                0x0000000008001ee0                offRedYellow_horizontal
 .text.offGreenYellow_vertical
                0x0000000008001f00       0x24 ./Core/Src/traffic.o
                0x0000000008001f00                offGreenYellow_vertical
 .text.offGreenRed_vertical
                0x0000000008001f24       0x24 ./Core/Src/traffic.o
                0x0000000008001f24                offGreenRed_vertical
 .text.offRedYellow_vertical
                0x0000000008001f48       0x24 ./Core/Src/traffic.o
                0x0000000008001f48                offRedYellow_vertical
 .text.Reset_Handler
                0x0000000008001f6c       0x48 ./Core/Startup/startup_stm32f103c6ux.o
                0x0000000008001f6c                Reset_Handler
 .text.Default_Handler
                0x0000000008001fb4        0x2 ./Core/Startup/startup_stm32f103c6ux.o
                0x0000000008001fb4                RTC_Alarm_IRQHandler
                0x0000000008001fb4                EXTI2_IRQHandler
                0x0000000008001fb4                TIM1_CC_IRQHandler
                0x0000000008001fb4                PVD_IRQHandler
                0x0000000008001fb4                EXTI3_IRQHandler
                0x0000000008001fb4                EXTI0_IRQHandler
                0x0000000008001fb4                ADC1_2_IRQHandler
                0x0000000008001fb4                SPI1_IRQHandler
                0x0000000008001fb4                TAMPER_IRQHandler
                0x0000000008001fb4                DMA1_Channel4_IRQHandler
                0x0000000008001fb4                RTC_IRQHandler
                0x0000000008001fb4                DMA1_Channel7_IRQHandler
                0x0000000008001fb4                CAN1_RX1_IRQHandler
                0x0000000008001fb4                I2C1_EV_IRQHandler
                0x0000000008001fb4                DMA1_Channel6_IRQHandler
                0x0000000008001fb4                TIM3_IRQHandler
                0x0000000008001fb4                RCC_IRQHandler
                0x0000000008001fb4                TIM1_TRG_COM_IRQHandler
                0x0000000008001fb4                DMA1_Channel1_IRQHandler
                0x0000000008001fb4                Default_Handler
                0x0000000008001fb4                EXTI15_10_IRQHandler
                0x0000000008001fb4                EXTI9_5_IRQHandler
                0x0000000008001fb4                DMA1_Channel5_IRQHandler
                0x0000000008001fb4                EXTI4_IRQHandler
                0x0000000008001fb4                USB_LP_CAN1_RX0_IRQHandler
                0x0000000008001fb4                USB_HP_CAN1_TX_IRQHandler
                0x0000000008001fb4                DMA1_Channel3_IRQHandler
                0x0000000008001fb4                TIM1_UP_IRQHandler
                0x0000000008001fb4                WWDG_IRQHandler
                0x0000000008001fb4                TIM1_BRK_IRQHandler
                0x0000000008001fb4                EXTI1_IRQHandler
                0x0000000008001fb4                USART2_IRQHandler
                0x0000000008001fb4                DMA1_Channel2_IRQHandler
                0x0000000008001fb4                CAN1_SCE_IRQHandler
                0x0000000008001fb4                FLASH_IRQHandler
                0x0000000008001fb4                USART1_IRQHandler
                0x0000000008001fb4                I2C1_ER_IRQHandler
                0x0000000008001fb4                USBWakeUp_IRQHandler
 *fill*         0x0000000008001fb6        0x2 
 .text.HAL_Init
                0x0000000008001fb8       0x2c ./Drivers/STM32F1xx_HAL_Driver/Src/stm32f1xx_hal.o
                0x0000000008001fb8                HAL_Init
 .text.HAL_InitTick
                0x0000000008001fe4       0x60 ./Drivers/STM32F1xx_HAL_Driver/Src/stm32f1xx_hal.o
                0x0000000008001fe4                HAL_InitTick
 .text.HAL_IncTick
                0x0000000008002044       0x24 ./Drivers/STM32F1xx_HAL_Driver/Src/stm32f1xx_hal.o
                0x0000000008002044                HAL_IncTick
 .text.HAL_GetTick
                0x0000000008002068       0x14 ./Drivers/STM32F1xx_HAL_Driver/Src/stm32f1xx_hal.o
                0x0000000008002068                HAL_GetTick
 .text.__NVIC_SetPriorityGrouping
                0x000000000800207c       0x48 ./Drivers/STM32F1xx_HAL_Driver/Src/stm32f1xx_hal_cortex.o
 .text.__NVIC_GetPriorityGrouping
                0x00000000080020c4       0x1c ./Drivers/STM32F1xx_HAL_Driver/Src/stm32f1xx_hal_cortex.o
 .text.__NVIC_EnableIRQ
                0x00000000080020e0       0x38 ./Drivers/STM32F1xx_HAL_Driver/Src/stm32f1xx_hal_cortex.o
 .text.__NVIC_SetPriority
                0x0000000008002118       0x54 ./Drivers/STM32F1xx_HAL_Driver/Src/stm32f1xx_hal_cortex.o
 .text.NVIC_EncodePriority
                0x000000000800216c       0x64 ./Drivers/STM32F1xx_HAL_Driver/Src/stm32f1xx_hal_cortex.o
 .text.SysTick_Config
                0x00000000080021d0       0x44 ./Drivers/STM32F1xx_HAL_Driver/Src/stm32f1xx_hal_cortex.o
 .text.HAL_NVIC_SetPriorityGrouping
                0x0000000008002214       0x16 ./Drivers/STM32F1xx_HAL_Driver/Src/stm32f1xx_hal_cortex.o
                0x0000000008002214                HAL_NVIC_SetPriorityGrouping
 .text.HAL_NVIC_SetPriority
                0x000000000800222a       0x38 ./Drivers/STM32F1xx_HAL_Driver/Src/stm32f1xx_hal_cortex.o
                0x000000000800222a                HAL_NVIC_SetPriority
 .text.HAL_NVIC_EnableIRQ
                0x0000000008002262       0x1c ./Drivers/STM32F1xx_HAL_Driver/Src/stm32f1xx_hal_cortex.o
                0x0000000008002262                HAL_NVIC_EnableIRQ
 .text.HAL_SYSTICK_Config
                0x000000000800227e       0x18 ./Drivers/STM32F1xx_HAL_Driver/Src/stm32f1xx_hal_cortex.o
                0x000000000800227e                HAL_SYSTICK_Config
 *fill*         0x0000000008002296        0x2 
 .text.HAL_GPIO_Init
                0x0000000008002298      0x2f4 ./Drivers/STM32F1xx_HAL_Driver/Src/stm32f1xx_hal_gpio.o
                0x0000000008002298                HAL_GPIO_Init
 .text.HAL_GPIO_ReadPin
                0x000000000800258c       0x2e ./Drivers/STM32F1xx_HAL_Driver/Src/stm32f1xx_hal_gpio.o
                0x000000000800258c                HAL_GPIO_ReadPin
 .text.HAL_GPIO_WritePin
                0x00000000080025ba       0x30 ./Drivers/STM32F1xx_HAL_Driver/Src/stm32f1xx_hal_gpio.o
                0x00000000080025ba                HAL_GPIO_WritePin
 .text.HAL_GPIO_TogglePin
                0x00000000080025ea       0x32 ./Drivers/STM32F1xx_HAL_Driver/Src/stm32f1xx_hal_gpio.o
                0x00000000080025ea                HAL_GPIO_TogglePin
 .text.HAL_RCC_OscConfig
                0x000000000800261c      0x500 ./Drivers/STM32F1xx_HAL_Driver/Src/stm32f1xx_hal_rcc.o
                0x000000000800261c                HAL_RCC_OscConfig
 .text.HAL_RCC_ClockConfig
                0x0000000008002b1c      0x1d4 ./Drivers/STM32F1xx_HAL_Driver/Src/stm32f1xx_hal_rcc.o
                0x0000000008002b1c                HAL_RCC_ClockConfig
 .text.HAL_RCC_GetSysClockFreq
                0x0000000008002cf0       0xa8 ./Drivers/STM32F1xx_HAL_Driver/Src/stm32f1xx_hal_rcc.o
                0x0000000008002cf0                HAL_RCC_GetSysClockFreq
 .text.RCC_Delay
                0x0000000008002d98       0x3c ./Drivers/STM32F1xx_HAL_Driver/Src/stm32f1xx_hal_rcc.o
 .text.HAL_TIM_Base_Init
                0x0000000008002dd4       0x9e ./Drivers/STM32F1xx_HAL_Driver/Src/stm32f1xx_hal_tim.o
                0x0000000008002dd4                HAL_TIM_Base_Init
 *fill*         0x0000000008002e72        0x2 
 .text.HAL_TIM_Base_Start_IT
                0x0000000008002e74       0x98 ./Drivers/STM32F1xx_HAL_Driver/Src/stm32f1xx_hal_tim.o
                0x0000000008002e74                HAL_TIM_Base_Start_IT
 .text.HAL_TIM_IRQHandler
                0x0000000008002f0c      0x1e0 ./Drivers/STM32F1xx_HAL_Driver/Src/stm32f1xx_hal_tim.o
                0x0000000008002f0c                HAL_TIM_IRQHandler
 .text.HAL_TIM_ConfigClockSource
                0x00000000080030ec      0x18e ./Drivers/STM32F1xx_HAL_Driver/Src/stm32f1xx_hal_tim.o
                0x00000000080030ec                HAL_TIM_ConfigClockSource
 .text.HAL_TIM_OC_DelayElapsedCallback
                0x000000000800327a       0x12 ./Drivers/STM32F1xx_HAL_Driver/Src/stm32f1xx_hal_tim.o
                0x000000000800327a                HAL_TIM_OC_DelayElapsedCallback
 .text.HAL_TIM_IC_CaptureCallback
                0x000000000800328c       0x12 ./Drivers/STM32F1xx_HAL_Driver/Src/stm32f1xx_hal_tim.o
                0x000000000800328c                HAL_TIM_IC_CaptureCallback
 .text.HAL_TIM_PWM_PulseFinishedCallback
                0x000000000800329e       0x12 ./Drivers/STM32F1xx_HAL_Driver/Src/stm32f1xx_hal_tim.o
                0x000000000800329e                HAL_TIM_PWM_PulseFinishedCallback
 .text.HAL_TIM_TriggerCallback
                0x00000000080032b0       0x12 ./Drivers/STM32F1xx_HAL_Driver/Src/stm32f1xx_hal_tim.o
                0x00000000080032b0                HAL_TIM_TriggerCallback
 *fill*         0x00000000080032c2        0x2 
 .text.TIM_Base_SetConfig
                0x00000000080032c4       0xc8 ./Drivers/STM32F1xx_HAL_Driver/Src/stm32f1xx_hal_tim.o
                0x00000000080032c4                TIM_Base_SetConfig
 .text.TIM_TI1_ConfigInputStage
                0x000000000800338c       0x5c ./Drivers/STM32F1xx_HAL_Driver/Src/stm32f1xx_hal_tim.o
 .text.TIM_TI2_ConfigInputStage
                0x00000000080033e8       0x5e ./Drivers/STM32F1xx_HAL_Driver/Src/stm32f1xx_hal_tim.o
 .text.TIM_ITRx_SetConfig
                0x0000000008003446       0x34 ./Drivers/STM32F1xx_HAL_Driver/Src/stm32f1xx_hal_tim.o
 .text.TIM_ETR_SetConfig
                0x000000000800347a       0x3e ./Drivers/STM32F1xx_HAL_Driver/Src/stm32f1xx_hal_tim.o
                0x000000000800347a                TIM_ETR_SetConfig
 .text.HAL_TIMEx_MasterConfigSynchronization
                0x00000000080034b8       0xb0 ./Drivers/STM32F1xx_HAL_Driver/Src/stm32f1xx_hal_tim_ex.o
                0x00000000080034b8                HAL_TIMEx_MasterConfigSynchronization
 .text.HAL_TIMEx_CommutCallback
                0x0000000008003568       0x12 ./Drivers/STM32F1xx_HAL_Driver/Src/stm32f1xx_hal_tim_ex.o
                0x0000000008003568                HAL_TIMEx_CommutCallback
 .text.HAL_TIMEx_BreakCallback
                0x000000000800357a       0x12 ./Drivers/STM32F1xx_HAL_Driver/Src/stm32f1xx_hal_tim_ex.o
                0x000000000800357a                HAL_TIMEx_BreakCallback
 .text.__libc_init_array
                0x000000000800358c       0x48 c:/st/stm32cubeide_1.7.0/stm32cubeide/plugins/com.st.stm32cube.ide.mcu.externaltools.gnu-tools-for-stm32.9-2020-q2-update.win32_2.0.0.202105311346/tools/bin/../lib/gcc/arm-none-eabi/9.3.1/../../../../arm-none-eabi/lib/thumb/v7-m/nofp\libc_nano.a(lib_a-init.o)
                0x000000000800358c                __libc_init_array
 .text.memset   0x00000000080035d4       0x10 c:/st/stm32cubeide_1.7.0/stm32cubeide/plugins/com.st.stm32cube.ide.mcu.externaltools.gnu-tools-for-stm32.9-2020-q2-update.win32_2.0.0.202105311346/tools/bin/../lib/gcc/arm-none-eabi/9.3.1/../../../../arm-none-eabi/lib/thumb/v7-m/nofp\libc_nano.a(lib_a-memset.o)
                0x00000000080035d4                memset
 *(.glue_7)
 .glue_7        0x00000000080035e4        0x0 linker stubs
 *(.glue_7t)
 .glue_7t       0x00000000080035e4        0x0 linker stubs
 *(.eh_frame)
 .eh_frame      0x00000000080035e4        0x0 c:/st/stm32cubeide_1.7.0/stm32cubeide/plugins/com.st.stm32cube.ide.mcu.externaltools.gnu-tools-for-stm32.9-2020-q2-update.win32_2.0.0.202105311346/tools/bin/../lib/gcc/arm-none-eabi/9.3.1/thumb/v7-m/nofp/crtbegin.o
 *(.init)
 .init          0x00000000080035e4        0x4 c:/st/stm32cubeide_1.7.0/stm32cubeide/plugins/com.st.stm32cube.ide.mcu.externaltools.gnu-tools-for-stm32.9-2020-q2-update.win32_2.0.0.202105311346/tools/bin/../lib/gcc/arm-none-eabi/9.3.1/thumb/v7-m/nofp/crti.o
                0x00000000080035e4                _init
 .init          0x00000000080035e8        0x8 c:/st/stm32cubeide_1.7.0/stm32cubeide/plugins/com.st.stm32cube.ide.mcu.externaltools.gnu-tools-for-stm32.9-2020-q2-update.win32_2.0.0.202105311346/tools/bin/../lib/gcc/arm-none-eabi/9.3.1/thumb/v7-m/nofp/crtn.o
 *(.fini)
 .fini          0x00000000080035f0        0x4 c:/st/stm32cubeide_1.7.0/stm32cubeide/plugins/com.st.stm32cube.ide.mcu.externaltools.gnu-tools-for-stm32.9-2020-q2-update.win32_2.0.0.202105311346/tools/bin/../lib/gcc/arm-none-eabi/9.3.1/thumb/v7-m/nofp/crti.o
                0x00000000080035f0                _fini
 .fini          0x00000000080035f4        0x8 c:/st/stm32cubeide_1.7.0/stm32cubeide/plugins/com.st.stm32cube.ide.mcu.externaltools.gnu-tools-for-stm32.9-2020-q2-update.win32_2.0.0.202105311346/tools/bin/../lib/gcc/arm-none-eabi/9.3.1/thumb/v7-m/nofp/crtn.o
                0x00000000080035fc                . = ALIGN (0x4)
                0x00000000080035fc                _etext = .

.vfp11_veneer   0x00000000080035fc        0x0
 .vfp11_veneer  0x00000000080035fc        0x0 linker stubs

.v4_bx          0x00000000080035fc        0x0
 .v4_bx         0x00000000080035fc        0x0 linker stubs

.iplt           0x00000000080035fc        0x0
 .iplt          0x00000000080035fc        0x0 c:/st/stm32cubeide_1.7.0/stm32cubeide/plugins/com.st.stm32cube.ide.mcu.externaltools.gnu-tools-for-stm32.9-2020-q2-update.win32_2.0.0.202105311346/tools/bin/../lib/gcc/arm-none-eabi/9.3.1/thumb/v7-m/nofp/crtbegin.o

.rodata         0x00000000080035fc       0x24
                0x00000000080035fc                . = ALIGN (0x4)
 *(.rodata)
 *(.rodata*)
 .rodata.AHBPrescTable
                0x00000000080035fc       0x10 ./Core/Src/system_stm32f1xx.o
                0x00000000080035fc                AHBPrescTable
 .rodata.aPLLMULFactorTable.6032
                0x000000000800360c       0x10 ./Drivers/STM32F1xx_HAL_Driver/Src/stm32f1xx_hal_rcc.o
 .rodata.aPredivFactorTable.6033
                0x000000000800361c        0x2 ./Drivers/STM32F1xx_HAL_Driver/Src/stm32f1xx_hal_rcc.o
                0x0000000008003620                . = ALIGN (0x4)
 *fill*         0x000000000800361e        0x2 

.rel.dyn        0x0000000008003620        0x0
 .rel.iplt      0x0000000008003620        0x0 c:/st/stm32cubeide_1.7.0/stm32cubeide/plugins/com.st.stm32cube.ide.mcu.externaltools.gnu-tools-for-stm32.9-2020-q2-update.win32_2.0.0.202105311346/tools/bin/../lib/gcc/arm-none-eabi/9.3.1/thumb/v7-m/nofp/crtbegin.o

.ARM.extab      0x0000000008003620        0x0
                0x0000000008003620                . = ALIGN (0x4)
 *(.ARM.extab* .gnu.linkonce.armextab.*)
                0x0000000008003620                . = ALIGN (0x4)

.ARM            0x0000000008003620        0x0
                0x0000000008003620                . = ALIGN (0x4)
                0x0000000008003620                __exidx_start = .
 *(.ARM.exidx*)
                0x0000000008003620                __exidx_end = .
                0x0000000008003620                . = ALIGN (0x4)

.preinit_array  0x0000000008003620        0x0
                0x0000000008003620                . = ALIGN (0x4)
                0x0000000008003620                PROVIDE (__preinit_array_start = .)
 *(.preinit_array*)
                0x0000000008003620                PROVIDE (__preinit_array_end = .)
                0x0000000008003620                . = ALIGN (0x4)

.init_array     0x0000000008003620        0x4
                0x0000000008003620                . = ALIGN (0x4)
                0x0000000008003620                PROVIDE (__init_array_start = .)
 *(SORT_BY_NAME(.init_array.*))
 *(.init_array*)
 .init_array    0x0000000008003620        0x4 c:/st/stm32cubeide_1.7.0/stm32cubeide/plugins/com.st.stm32cube.ide.mcu.externaltools.gnu-tools-for-stm32.9-2020-q2-update.win32_2.0.0.202105311346/tools/bin/../lib/gcc/arm-none-eabi/9.3.1/thumb/v7-m/nofp/crtbegin.o
                0x0000000008003624                PROVIDE (__init_array_end = .)
                0x0000000008003624                . = ALIGN (0x4)

.fini_array     0x0000000008003624        0x4
                0x0000000008003624                . = ALIGN (0x4)
                [!provide]                        PROVIDE (__fini_array_start = .)
 *(SORT_BY_NAME(.fini_array.*))
 *(.fini_array*)
 .fini_array    0x0000000008003624        0x4 c:/st/stm32cubeide_1.7.0/stm32cubeide/plugins/com.st.stm32cube.ide.mcu.externaltools.gnu-tools-for-stm32.9-2020-q2-update.win32_2.0.0.202105311346/tools/bin/../lib/gcc/arm-none-eabi/9.3.1/thumb/v7-m/nofp/crtbegin.o
                [!provide]                        PROVIDE (__fini_array_end = .)
                0x0000000008003628                . = ALIGN (0x4)
                0x0000000008003628                _sidata = LOADADDR (.data)

.data           0x0000000020000000       0x8c load address 0x0000000008003628
                0x0000000020000000                . = ALIGN (0x4)
                0x0000000020000000                _sdata = .
 *(.data)
 *(.data*)
 .data.keyReg0  0x0000000020000000        0xc ./Core/Src/button.o
                0x0000000020000000                keyReg0
 .data.keyReg1  0x000000002000000c        0xc ./Core/Src/button.o
                0x000000002000000c                keyReg1
 .data.keyReg2  0x0000000020000018        0xc ./Core/Src/button.o
                0x0000000020000018                keyReg2
 .data.keyReg3  0x0000000020000024        0xc ./Core/Src/button.o
                0x0000000020000024                keyReg3
 .data.timerForKeyPress
                0x0000000020000030        0x4 ./Core/Src/button.o
                0x0000000020000030                timerForKeyPress
 .data.status_7SEG_horizontal
                0x0000000020000034        0x4 ./Core/Src/fsm_7SEG_horizontal.o
                0x0000000020000034                status_7SEG_horizontal
 .data.status_7SEG_vertical
                0x0000000020000038        0x4 ./Core/Src/fsm_7SEG_vertical.o
                0x0000000020000038                status_7SEG_vertical
 .data.status_traffic_blink_horizontal
                0x000000002000003c        0x4 ./Core/Src/fsm_traffic_blink.o
                0x000000002000003c                status_traffic_blink_horizontal
 .data.status_traffic_blink_vertical
                0x0000000020000040        0x4 ./Core/Src/fsm_traffic_blink.o
                0x0000000020000040                status_traffic_blink_vertical
 .data.status_traffic_horizontal
                0x0000000020000044        0x4 ./Core/Src/fsm_traffic_horizontal.o
                0x0000000020000044                status_traffic_horizontal
 .data.status_traffic_vertical
                0x0000000020000048        0x4 ./Core/Src/fsm_traffic_vertical.o
                0x0000000020000048                status_traffic_vertical
 .data.time_red_horizontal
                0x000000002000004c        0x4 ./Core/Src/global.o
                0x000000002000004c                time_red_horizontal
 .data.time_green_horizontal
                0x0000000020000050        0x4 ./Core/Src/global.o
                0x0000000020000050                time_green_horizontal
 .data.time_yellow_horizontal
                0x0000000020000054        0x4 ./Core/Src/global.o
                0x0000000020000054                time_yellow_horizontal
 .data.time_red_horizontal_temp
                0x0000000020000058        0x4 ./Core/Src/global.o
                0x0000000020000058                time_red_horizontal_temp
 .data.time_green_horizontal_temp
                0x000000002000005c        0x4 ./Core/Src/global.o
                0x000000002000005c                time_green_horizontal_temp
 .data.time_yellow_horizontal_temp
                0x0000000020000060        0x4 ./Core/Src/global.o
                0x0000000020000060                time_yellow_horizontal_temp
 .data.time_green_vertical
                0x0000000020000064        0x4 ./Core/Src/global.o
                0x0000000020000064                time_green_vertical
 .data.time_yellow_vertical
                0x0000000020000068        0x4 ./Core/Src/global.o
                0x0000000020000068                time_yellow_vertical
 .data.time_red_vertical
                0x000000002000006c        0x4 ./Core/Src/global.o
                0x000000002000006c                time_red_vertical
 .data.time_green_vertical_temp
                0x0000000020000070        0x4 ./Core/Src/global.o
                0x0000000020000070                time_green_vertical_temp
 .data.time_yellow_vertical_temp
                0x0000000020000074        0x4 ./Core/Src/global.o
                0x0000000020000074                time_yellow_vertical_temp
 .data.time_red_vertical_temp
                0x0000000020000078        0x4 ./Core/Src/global.o
                0x0000000020000078                time_red_vertical_temp
 .data.TICK     0x000000002000007c        0x4 ./Core/Src/software_timer.o
                0x000000002000007c                TICK
 .data.SystemCoreClock
                0x0000000020000080        0x4 ./Core/Src/system_stm32f1xx.o
                0x0000000020000080                SystemCoreClock
 .data.uwTickPrio
                0x0000000020000084        0x4 ./Drivers/STM32F1xx_HAL_Driver/Src/stm32f1xx_hal.o
                0x0000000020000084                uwTickPrio
 .data.uwTickFreq
                0x0000000020000088        0x1 ./Drivers/STM32F1xx_HAL_Driver/Src/stm32f1xx_hal.o
                0x0000000020000088                uwTickFreq
 *(.RamFunc)
 *(.RamFunc*)
                0x000000002000008c                . = ALIGN (0x4)
 *fill*         0x0000000020000089        0x3 
                0x000000002000008c                _edata = .

.igot.plt       0x000000002000008c        0x0 load address 0x00000000080036b4
 .igot.plt      0x000000002000008c        0x0 c:/st/stm32cubeide_1.7.0/stm32cubeide/plugins/com.st.stm32cube.ide.mcu.externaltools.gnu-tools-for-stm32.9-2020-q2-update.win32_2.0.0.202105311346/tools/bin/../lib/gcc/arm-none-eabi/9.3.1/thumb/v7-m/nofp/crtbegin.o
                0x000000002000008c                . = ALIGN (0x4)

.bss            0x000000002000008c      0x104 load address 0x00000000080036b4
                0x000000002000008c                _sbss = .
                0x000000002000008c                __bss_start__ = _sbss
 *(.bss)
 .bss           0x000000002000008c       0x1c c:/st/stm32cubeide_1.7.0/stm32cubeide/plugins/com.st.stm32cube.ide.mcu.externaltools.gnu-tools-for-stm32.9-2020-q2-update.win32_2.0.0.202105311346/tools/bin/../lib/gcc/arm-none-eabi/9.3.1/thumb/v7-m/nofp/crtbegin.o
 *(.bss*)
 .bss.button_BUT1_flag
                0x00000000200000a8        0x4 ./Core/Src/button.o
                0x00000000200000a8                button_BUT1_flag
 .bss.button_BUT2_flag
                0x00000000200000ac        0x4 ./Core/Src/button.o
                0x00000000200000ac                button_BUT2_flag
 .bss.button_BUT3_flag
                0x00000000200000b0        0x4 ./Core/Src/button.o
                0x00000000200000b0                button_BUT3_flag
 .bss.button_BUT1_LongPressed_flag
                0x00000000200000b4        0x4 ./Core/Src/button.o
                0x00000000200000b4                button_BUT1_LongPressed_flag
 .bss.button_BUT2_LongPressed_flag
                0x00000000200000b8        0x4 ./Core/Src/button.o
                0x00000000200000b8                button_BUT2_LongPressed_flag
 .bss.button_BUT3_LongPressed_flag
                0x00000000200000bc        0x4 ./Core/Src/button.o
                0x00000000200000bc                button_BUT3_LongPressed_flag
 .bss.status_system
                0x00000000200000c0        0x4 ./Core/Src/global.o
                0x00000000200000c0                status_system
 .bss.index_horizontal
                0x00000000200000c4        0x4 ./Core/Src/global.o
                0x00000000200000c4                index_horizontal
 .bss.index_vertical
                0x00000000200000c8        0x4 ./Core/Src/global.o
                0x00000000200000c8                index_vertical
 .bss.timer1_flag
                0x00000000200000cc        0x4 ./Core/Src/software_timer.o
                0x00000000200000cc                timer1_flag
 .bss.timer1_counter
                0x00000000200000d0        0x4 ./Core/Src/software_timer.o
                0x00000000200000d0                timer1_counter
 .bss.timer2_flag
                0x00000000200000d4        0x4 ./Core/Src/software_timer.o
                0x00000000200000d4                timer2_flag
 .bss.timer2_counter
                0x00000000200000d8        0x4 ./Core/Src/software_timer.o
                0x00000000200000d8                timer2_counter
 .bss.timer3_flag
                0x00000000200000dc        0x4 ./Core/Src/software_timer.o
                0x00000000200000dc                timer3_flag
 .bss.timer3_counter
                0x00000000200000e0        0x4 ./Core/Src/software_timer.o
                0x00000000200000e0                timer3_counter
 .bss.timer4_flag
                0x00000000200000e4        0x4 ./Core/Src/software_timer.o
                0x00000000200000e4                timer4_flag
 .bss.timer4_counter
                0x00000000200000e8        0x4 ./Core/Src/software_timer.o
                0x00000000200000e8                timer4_counter
 .bss.timer5_flag
                0x00000000200000ec        0x4 ./Core/Src/software_timer.o
                0x00000000200000ec                timer5_flag
 .bss.timer5_counter
                0x00000000200000f0        0x4 ./Core/Src/software_timer.o
                0x00000000200000f0                timer5_counter
 .bss.timer6_flag
                0x00000000200000f4        0x4 ./Core/Src/software_timer.o
                0x00000000200000f4                timer6_flag
 .bss.timer6_counter
                0x00000000200000f8        0x4 ./Core/Src/software_timer.o
                0x00000000200000f8                timer6_counter
 .bss.timer7_flag
                0x00000000200000fc        0x4 ./Core/Src/software_timer.o
                0x00000000200000fc                timer7_flag
 .bss.timer7_counter
                0x0000000020000100        0x4 ./Core/Src/software_timer.o
                0x0000000020000100                timer7_counter
 .bss.timer8_flag
                0x0000000020000104        0x4 ./Core/Src/software_timer.o
                0x0000000020000104                timer8_flag
 .bss.timer8_counter
                0x0000000020000108        0x4 ./Core/Src/software_timer.o
                0x0000000020000108                timer8_counter
 .bss.timer9_flag
                0x000000002000010c        0x4 ./Core/Src/software_timer.o
                0x000000002000010c                timer9_flag
 .bss.timer9_counter
                0x0000000020000110        0x4 ./Core/Src/software_timer.o
                0x0000000020000110                timer9_counter
 .bss.timer10_flag
                0x0000000020000114        0x4 ./Core/Src/software_timer.o
                0x0000000020000114                timer10_flag
 .bss.timer10_counter
                0x0000000020000118        0x4 ./Core/Src/software_timer.o
                0x0000000020000118                timer10_counter
 .bss.traffic_buffer_horizontal
                0x000000002000011c        0xc ./Core/Src/traffic_buffer.o
                0x000000002000011c                traffic_buffer_horizontal
 .bss.traffic_buffer_vertical
                0x0000000020000128        0xc ./Core/Src/traffic_buffer.o
                0x0000000020000128                traffic_buffer_vertical
 .bss._7SEG_buffer_horizontal
                0x0000000020000134        0x8 ./Core/Src/traffic_buffer.o
                0x0000000020000134                _7SEG_buffer_horizontal
 .bss._7SEG_buffer_vertical
                0x000000002000013c        0x8 ./Core/Src/traffic_buffer.o
                0x000000002000013c                _7SEG_buffer_vertical
 *(COMMON)
 COMMON         0x0000000020000144       0x48 ./Core/Src/main.o
                0x0000000020000144                htim2
 COMMON         0x000000002000018c        0x4 ./Drivers/STM32F1xx_HAL_Driver/Src/stm32f1xx_hal.o
                0x000000002000018c                uwTick
                0x0000000020000190                . = ALIGN (0x4)
                0x0000000020000190                _ebss = .
                0x0000000020000190                __bss_end__ = _ebss

._user_heap_stack
                0x0000000020000190      0x600 load address 0x00000000080036b4
                0x0000000020000190                . = ALIGN (0x8)
                [!provide]                        PROVIDE (end = .)
                0x0000000020000190                PROVIDE (_end = .)
                0x0000000020000390                . = (. + _Min_Heap_Size)
 *fill*         0x0000000020000190      0x200 
                0x0000000020000790                . = (. + _Min_Stack_Size)
 *fill*         0x0000000020000390      0x400 
                0x0000000020000790                . = ALIGN (0x8)

/DISCARD/
 libc.a(*)
 libm.a(*)
 libgcc.a(*)

.ARM.attributes
                0x0000000000000000       0x29
 *(.ARM.attributes)
 .ARM.attributes
                0x0000000000000000       0x1d c:/st/stm32cubeide_1.7.0/stm32cubeide/plugins/com.st.stm32cube.ide.mcu.externaltools.gnu-tools-for-stm32.9-2020-q2-update.win32_2.0.0.202105311346/tools/bin/../lib/gcc/arm-none-eabi/9.3.1/thumb/v7-m/nofp/crti.o
 .ARM.attributes
                0x000000000000001d       0x2d c:/st/stm32cubeide_1.7.0/stm32cubeide/plugins/com.st.stm32cube.ide.mcu.externaltools.gnu-tools-for-stm32.9-2020-q2-update.win32_2.0.0.202105311346/tools/bin/../lib/gcc/arm-none-eabi/9.3.1/thumb/v7-m/nofp/crtbegin.o
 .ARM.attributes
                0x000000000000004a       0x2d ./Core/Src/button.o
 .ARM.attributes
                0x0000000000000077       0x2d ./Core/Src/control_7SEG.o
 .ARM.attributes
                0x00000000000000a4       0x2d ./Core/Src/fsm_7SEG_horizontal.o
 .ARM.attributes
                0x00000000000000d1       0x2d ./Core/Src/fsm_7SEG_vertical.o
 .ARM.attributes
                0x00000000000000fe       0x2d ./Core/Src/fsm_system.o
 .ARM.attributes
                0x000000000000012b       0x2d ./Core/Src/fsm_traffic_blink.o
 .ARM.attributes
                0x0000000000000158       0x2d ./Core/Src/fsm_traffic_horizontal.o
 .ARM.attributes
                0x0000000000000185       0x2d ./Core/Src/fsm_traffic_vertical.o
 .ARM.attributes
                0x00000000000001b2       0x33 ./Core/Src/global.o
 .ARM.attributes
                0x00000000000001e5       0x2d ./Core/Src/main.o
 .ARM.attributes
                0x0000000000000212       0x2d ./Core/Src/software_timer.o
 .ARM.attributes
                0x000000000000023f       0x2d ./Core/Src/stm32f1xx_hal_msp.o
 .ARM.attributes
                0x000000000000026c       0x2d ./Core/Src/stm32f1xx_it.o
 .ARM.attributes
                0x0000000000000299       0x2d ./Core/Src/system_stm32f1xx.o
 .ARM.attributes
                0x00000000000002c6       0x2d ./Core/Src/traffic.o
 .ARM.attributes
                0x00000000000002f3       0x33 ./Core/Src/traffic_buffer.o
 .ARM.attributes
                0x0000000000000326       0x21 ./Core/Startup/startup_stm32f103c6ux.o
 .ARM.attributes
                0x0000000000000347       0x2d ./Drivers/STM32F1xx_HAL_Driver/Src/stm32f1xx_hal.o
 .ARM.attributes
                0x0000000000000374       0x2d ./Drivers/STM32F1xx_HAL_Driver/Src/stm32f1xx_hal_cortex.o
 .ARM.attributes
                0x00000000000003a1       0x2d ./Drivers/STM32F1xx_HAL_Driver/Src/stm32f1xx_hal_gpio.o
 .ARM.attributes
                0x00000000000003ce       0x2d ./Drivers/STM32F1xx_HAL_Driver/Src/stm32f1xx_hal_rcc.o
 .ARM.attributes
                0x00000000000003fb       0x2d ./Drivers/STM32F1xx_HAL_Driver/Src/stm32f1xx_hal_tim.o
 .ARM.attributes
                0x0000000000000428       0x2d ./Drivers/STM32F1xx_HAL_Driver/Src/stm32f1xx_hal_tim_ex.o
 .ARM.attributes
                0x0000000000000455       0x2d c:/st/stm32cubeide_1.7.0/stm32cubeide/plugins/com.st.stm32cube.ide.mcu.externaltools.gnu-tools-for-stm32.9-2020-q2-update.win32_2.0.0.202105311346/tools/bin/../lib/gcc/arm-none-eabi/9.3.1/../../../../arm-none-eabi/lib/thumb/v7-m/nofp\libc_nano.a(lib_a-init.o)
 .ARM.attributes
                0x0000000000000482       0x2d c:/st/stm32cubeide_1.7.0/stm32cubeide/plugins/com.st.stm32cube.ide.mcu.externaltools.gnu-tools-for-stm32.9-2020-q2-update.win32_2.0.0.202105311346/tools/bin/../lib/gcc/arm-none-eabi/9.3.1/../../../../arm-none-eabi/lib/thumb/v7-m/nofp\libc_nano.a(lib_a-memset.o)
 .ARM.attributes
                0x00000000000004af       0x1d c:/st/stm32cubeide_1.7.0/stm32cubeide/plugins/com.st.stm32cube.ide.mcu.externaltools.gnu-tools-for-stm32.9-2020-q2-update.win32_2.0.0.202105311346/tools/bin/../lib/gcc/arm-none-eabi/9.3.1/thumb/v7-m/nofp/crtn.o
OUTPUT(EX.elf elf32-littlearm)
LOAD linker stubs
LOAD c:/st/stm32cubeide_1.7.0/stm32cubeide/plugins/com.st.stm32cube.ide.mcu.externaltools.gnu-tools-for-stm32.9-2020-q2-update.win32_2.0.0.202105311346/tools/bin/../lib/gcc/arm-none-eabi/9.3.1/../../../../arm-none-eabi/lib/thumb/v7-m/nofp\libc.a
LOAD c:/st/stm32cubeide_1.7.0/stm32cubeide/plugins/com.st.stm32cube.ide.mcu.externaltools.gnu-tools-for-stm32.9-2020-q2-update.win32_2.0.0.202105311346/tools/bin/../lib/gcc/arm-none-eabi/9.3.1/../../../../arm-none-eabi/lib/thumb/v7-m/nofp\libm.a
LOAD c:/st/stm32cubeide_1.7.0/stm32cubeide/plugins/com.st.stm32cube.ide.mcu.externaltools.gnu-tools-for-stm32.9-2020-q2-update.win32_2.0.0.202105311346/tools/bin/../lib/gcc/arm-none-eabi/9.3.1/thumb/v7-m/nofp\libgcc.a

.debug_info     0x0000000000000000     0xa64e
 .debug_info    0x0000000000000000      0x3b5 ./Core/Src/button.o
 .debug_info    0x00000000000003b5      0x311 ./Core/Src/control_7SEG.o
 .debug_info    0x00000000000006c6      0x264 ./Core/Src/fsm_7SEG_horizontal.o
 .debug_info    0x000000000000092a      0x20d ./Core/Src/fsm_7SEG_vertical.o
 .debug_info    0x0000000000000b37      0x2de ./Core/Src/fsm_system.o
 .debug_info    0x0000000000000e15      0x290 ./Core/Src/fsm_traffic_blink.o
 .debug_info    0x00000000000010a5      0x2c0 ./Core/Src/fsm_traffic_horizontal.o
 .debug_info    0x0000000000001365      0x172 ./Core/Src/fsm_traffic_vertical.o
 .debug_info    0x00000000000014d7      0x206 ./Core/Src/global.o
 .debug_info    0x00000000000016dd      0xd8e ./Core/Src/main.o
 .debug_info    0x000000000000246b      0x3df ./Core/Src/software_timer.o
 .debug_info    0x000000000000284a      0xa09 ./Core/Src/stm32f1xx_hal_msp.o
 .debug_info    0x0000000000003253      0x7b9 ./Core/Src/stm32f1xx_it.o
 .debug_info    0x0000000000003a0c      0x2be ./Core/Src/system_stm32f1xx.o
 .debug_info    0x0000000000003cca      0x3a7 ./Core/Src/traffic.o
 .debug_info    0x0000000000004071      0x16c ./Core/Src/traffic_buffer.o
 .debug_info    0x00000000000041dd       0x22 ./Core/Startup/startup_stm32f103c6ux.o
 .debug_info    0x00000000000041ff      0x74c ./Drivers/STM32F1xx_HAL_Driver/Src/stm32f1xx_hal.o
 .debug_info    0x000000000000494b      0xbbe ./Drivers/STM32F1xx_HAL_Driver/Src/stm32f1xx_hal_cortex.o
 .debug_info    0x0000000000005509      0x701 ./Drivers/STM32F1xx_HAL_Driver/Src/stm32f1xx_hal_gpio.o
 .debug_info    0x0000000000005c0a      0x893 ./Drivers/STM32F1xx_HAL_Driver/Src/stm32f1xx_hal_rcc.o
 .debug_info    0x000000000000649d     0x2c32 ./Drivers/STM32F1xx_HAL_Driver/Src/stm32f1xx_hal_tim.o
 .debug_info    0x00000000000090cf     0x157f ./Drivers/STM32F1xx_HAL_Driver/Src/stm32f1xx_hal_tim_ex.o

.debug_abbrev   0x0000000000000000     0x1d22
 .debug_abbrev  0x0000000000000000      0x13f ./Core/Src/button.o
 .debug_abbrev  0x000000000000013f      0x136 ./Core/Src/control_7SEG.o
 .debug_abbrev  0x0000000000000275       0x79 ./Core/Src/fsm_7SEG_horizontal.o
 .debug_abbrev  0x00000000000002ee       0x5c ./Core/Src/fsm_7SEG_vertical.o
 .debug_abbrev  0x000000000000034a       0xb6 ./Core/Src/fsm_system.o
 .debug_abbrev  0x0000000000000400       0x79 ./Core/Src/fsm_traffic_blink.o
 .debug_abbrev  0x0000000000000479       0xc5 ./Core/Src/fsm_traffic_horizontal.o
 .debug_abbrev  0x000000000000053e       0x7d ./Core/Src/fsm_traffic_vertical.o
 .debug_abbrev  0x00000000000005bb       0x5d ./Core/Src/global.o
 .debug_abbrev  0x0000000000000618      0x248 ./Core/Src/main.o
 .debug_abbrev  0x0000000000000860       0xc3 ./Core/Src/software_timer.o
 .debug_abbrev  0x0000000000000923      0x1b7 ./Core/Src/stm32f1xx_hal_msp.o
 .debug_abbrev  0x0000000000000ada      0x176 ./Core/Src/stm32f1xx_it.o
 .debug_abbrev  0x0000000000000c50      0x14e ./Core/Src/system_stm32f1xx.o
 .debug_abbrev  0x0000000000000d9e       0xf6 ./Core/Src/traffic.o
 .debug_abbrev  0x0000000000000e94       0x5d ./Core/Src/traffic_buffer.o
 .debug_abbrev  0x0000000000000ef1       0x12 ./Core/Startup/startup_stm32f103c6ux.o
 .debug_abbrev  0x0000000000000f03      0x1ed ./Drivers/STM32F1xx_HAL_Driver/Src/stm32f1xx_hal.o
 .debug_abbrev  0x00000000000010f0      0x313 ./Drivers/STM32F1xx_HAL_Driver/Src/stm32f1xx_hal_cortex.o
 .debug_abbrev  0x0000000000001403      0x1e8 ./Drivers/STM32F1xx_HAL_Driver/Src/stm32f1xx_hal_gpio.o
 .debug_abbrev  0x00000000000015eb      0x273 ./Drivers/STM32F1xx_HAL_Driver/Src/stm32f1xx_hal_rcc.o
 .debug_abbrev  0x000000000000185e      0x25e ./Drivers/STM32F1xx_HAL_Driver/Src/stm32f1xx_hal_tim.o
 .debug_abbrev  0x0000000000001abc      0x266 ./Drivers/STM32F1xx_HAL_Driver/Src/stm32f1xx_hal_tim_ex.o

.debug_aranges  0x0000000000000000      0xbe0
 .debug_aranges
                0x0000000000000000       0x50 ./Core/Src/button.o
 .debug_aranges
                0x0000000000000050       0x38 ./Core/Src/control_7SEG.o
 .debug_aranges
                0x0000000000000088       0x20 ./Core/Src/fsm_7SEG_horizontal.o
 .debug_aranges
                0x00000000000000a8       0x20 ./Core/Src/fsm_7SEG_vertical.o
 .debug_aranges
                0x00000000000000c8       0x20 ./Core/Src/fsm_system.o
 .debug_aranges
                0x00000000000000e8       0x28 ./Core/Src/fsm_traffic_blink.o
 .debug_aranges
                0x0000000000000110       0x20 ./Core/Src/fsm_traffic_horizontal.o
 .debug_aranges
                0x0000000000000130       0x20 ./Core/Src/fsm_traffic_vertical.o
 .debug_aranges
                0x0000000000000150       0x18 ./Core/Src/global.o
 .debug_aranges
                0x0000000000000168       0x48 ./Core/Src/main.o
 .debug_aranges
                0x00000000000001b0       0x70 ./Core/Src/software_timer.o
 .debug_aranges
                0x0000000000000220       0x30 ./Core/Src/stm32f1xx_hal_msp.o
 .debug_aranges
                0x0000000000000250       0x68 ./Core/Src/stm32f1xx_it.o
 .debug_aranges
                0x00000000000002b8       0x28 ./Core/Src/system_stm32f1xx.o
 .debug_aranges
                0x00000000000002e0       0xc0 ./Core/Src/traffic.o
 .debug_aranges
                0x00000000000003a0       0x18 ./Core/Src/traffic_buffer.o
 .debug_aranges
                0x00000000000003b8       0x28 ./Core/Startup/startup_stm32f103c6ux.o
 .debug_aranges
                0x00000000000003e0       0xe0 ./Drivers/STM32F1xx_HAL_Driver/Src/stm32f1xx_hal.o
 .debug_aranges
                0x00000000000004c0      0x100 ./Drivers/STM32F1xx_HAL_Driver/Src/stm32f1xx_hal_cortex.o
 .debug_aranges
                0x00000000000005c0       0x58 ./Drivers/STM32F1xx_HAL_Driver/Src/stm32f1xx_hal_gpio.o
 .debug_aranges
                0x0000000000000618       0x90 ./Drivers/STM32F1xx_HAL_Driver/Src/stm32f1xx_hal_rcc.o
 .debug_aranges
                0x00000000000006a8      0x3d0 ./Drivers/STM32F1xx_HAL_Driver/Src/stm32f1xx_hal_tim.o
 .debug_aranges
                0x0000000000000a78      0x168 ./Drivers/STM32F1xx_HAL_Driver/Src/stm32f1xx_hal_tim_ex.o

.debug_ranges   0x0000000000000000      0xa68
 .debug_ranges  0x0000000000000000       0x40 ./Core/Src/button.o
 .debug_ranges  0x0000000000000040       0x28 ./Core/Src/control_7SEG.o
 .debug_ranges  0x0000000000000068       0x10 ./Core/Src/fsm_7SEG_horizontal.o
 .debug_ranges  0x0000000000000078       0x10 ./Core/Src/fsm_7SEG_vertical.o
 .debug_ranges  0x0000000000000088       0x10 ./Core/Src/fsm_system.o
 .debug_ranges  0x0000000000000098       0x18 ./Core/Src/fsm_traffic_blink.o
 .debug_ranges  0x00000000000000b0       0x10 ./Core/Src/fsm_traffic_horizontal.o
 .debug_ranges  0x00000000000000c0       0x10 ./Core/Src/fsm_traffic_vertical.o
 .debug_ranges  0x00000000000000d0       0x38 ./Core/Src/main.o
 .debug_ranges  0x0000000000000108       0x60 ./Core/Src/software_timer.o
 .debug_ranges  0x0000000000000168       0x20 ./Core/Src/stm32f1xx_hal_msp.o
 .debug_ranges  0x0000000000000188       0x58 ./Core/Src/stm32f1xx_it.o
 .debug_ranges  0x00000000000001e0       0x18 ./Core/Src/system_stm32f1xx.o
 .debug_ranges  0x00000000000001f8       0xb0 ./Core/Src/traffic.o
 .debug_ranges  0x00000000000002a8       0x20 ./Core/Startup/startup_stm32f103c6ux.o
 .debug_ranges  0x00000000000002c8       0xd0 ./Drivers/STM32F1xx_HAL_Driver/Src/stm32f1xx_hal.o
 .debug_ranges  0x0000000000000398       0xf0 ./Drivers/STM32F1xx_HAL_Driver/Src/stm32f1xx_hal_cortex.o
 .debug_ranges  0x0000000000000488       0x48 ./Drivers/STM32F1xx_HAL_Driver/Src/stm32f1xx_hal_gpio.o
 .debug_ranges  0x00000000000004d0       0x80 ./Drivers/STM32F1xx_HAL_Driver/Src/stm32f1xx_hal_rcc.o
 .debug_ranges  0x0000000000000550      0x3c0 ./Drivers/STM32F1xx_HAL_Driver/Src/stm32f1xx_hal_tim.o
 .debug_ranges  0x0000000000000910      0x158 ./Drivers/STM32F1xx_HAL_Driver/Src/stm32f1xx_hal_tim_ex.o

.debug_macro    0x0000000000000000    0x16f3d
 .debug_macro   0x0000000000000000      0x1bf ./Core/Src/button.o
 .debug_macro   0x00000000000001bf      0xa9c ./Core/Src/button.o
 .debug_macro   0x0000000000000c5b      0x215 ./Core/Src/button.o
 .debug_macro   0x0000000000000e70       0x2e ./Core/Src/button.o
 .debug_macro   0x0000000000000e9e       0x22 ./Core/Src/button.o
 .debug_macro   0x0000000000000ec0       0x22 ./Core/Src/button.o
 .debug_macro   0x0000000000000ee2       0x8e ./Core/Src/button.o
 .debug_macro   0x0000000000000f70       0x51 ./Core/Src/button.o
 .debug_macro   0x0000000000000fc1      0x103 ./Core/Src/button.o
 .debug_macro   0x00000000000010c4       0x6a ./Core/Src/button.o
 .debug_macro   0x000000000000112e      0x1df ./Core/Src/button.o
 .debug_macro   0x000000000000130d       0x1c ./Core/Src/button.o
 .debug_macro   0x0000000000001329       0x22 ./Core/Src/button.o
 .debug_macro   0x000000000000134b       0xc3 ./Core/Src/button.o
 .debug_macro   0x000000000000140e      0xd23 ./Core/Src/button.o
 .debug_macro   0x0000000000002131     0xde75 ./Core/Src/button.o
 .debug_macro   0x000000000000ffa6       0x6d ./Core/Src/button.o
 .debug_macro   0x0000000000010013     0x34a2 ./Core/Src/button.o
 .debug_macro   0x00000000000134b5      0x174 ./Core/Src/button.o
 .debug_macro   0x0000000000013629       0x5c ./Core/Src/button.o
 .debug_macro   0x0000000000013685      0x5bc ./Core/Src/button.o
 .debug_macro   0x0000000000013c41      0x1b7 ./Core/Src/button.o
 .debug_macro   0x0000000000013df8      0x1cb ./Core/Src/button.o
 .debug_macro   0x0000000000013fc3      0x114 ./Core/Src/button.o
 .debug_macro   0x00000000000140d7      0x1b2 ./Core/Src/button.o
 .debug_macro   0x0000000000014289       0x27 ./Core/Src/button.o
 .debug_macro   0x00000000000142b0      0x12f ./Core/Src/button.o
 .debug_macro   0x00000000000143df      0x1bc ./Core/Src/button.o
 .debug_macro   0x000000000001459b       0x34 ./Core/Src/button.o
 .debug_macro   0x00000000000145cf       0x3c ./Core/Src/button.o
 .debug_macro   0x000000000001460b       0x57 ./Core/Src/button.o
 .debug_macro   0x0000000000014662       0x87 ./Core/Src/button.o
 .debug_macro   0x00000000000146e9      0x183 ./Core/Src/button.o
 .debug_macro   0x000000000001486c      0x140 ./Core/Src/button.o
 .debug_macro   0x00000000000149ac      0x8ed ./Core/Src/button.o
 .debug_macro   0x0000000000015299       0x69 ./Core/Src/button.o
 .debug_macro   0x0000000000015302      0x154 ./Core/Src/button.o
 .debug_macro   0x0000000000015456       0x10 ./Core/Src/button.o
 .debug_macro   0x0000000000015466      0x1ba ./Core/Src/control_7SEG.o
 .debug_macro   0x0000000000015620       0x41 ./Core/Src/fsm_7SEG_horizontal.o
 .debug_macro   0x0000000000015661       0x22 ./Core/Src/fsm_7SEG_horizontal.o
 .debug_macro   0x0000000000015683       0x28 ./Core/Src/fsm_7SEG_horizontal.o
 .debug_macro   0x00000000000156ab       0x37 ./Core/Src/fsm_7SEG_vertical.o
 .debug_macro   0x00000000000156e2       0x16 ./Core/Src/fsm_7SEG_vertical.o
 .debug_macro   0x00000000000156f8      0x21b ./Core/Src/fsm_system.o
 .debug_macro   0x0000000000015913       0x22 ./Core/Src/fsm_system.o
 .debug_macro   0x0000000000015935       0x22 ./Core/Src/fsm_system.o
 .debug_macro   0x0000000000015957       0x3a ./Core/Src/fsm_system.o
 .debug_macro   0x0000000000015991       0x4b ./Core/Src/fsm_traffic_blink.o
 .debug_macro   0x00000000000159dc      0x1d6 ./Core/Src/fsm_traffic_horizontal.o
 .debug_macro   0x0000000000015bb2       0x2e ./Core/Src/fsm_traffic_vertical.o
 .debug_macro   0x0000000000015be0       0x24 ./Core/Src/global.o
 .debug_macro   0x0000000000015c04      0x22b ./Core/Src/main.o
 .debug_macro   0x0000000000015e2f       0x1b ./Core/Src/software_timer.o
 .debug_macro   0x0000000000015e4a      0x1a6 ./Core/Src/stm32f1xx_hal_msp.o
 .debug_macro   0x0000000000015ff0      0x1b0 ./Core/Src/stm32f1xx_it.o
 .debug_macro   0x00000000000161a0      0x197 ./Core/Src/system_stm32f1xx.o
 .debug_macro   0x0000000000016337      0x1b6 ./Core/Src/traffic.o
 .debug_macro   0x00000000000164ed       0x24 ./Core/Src/traffic_buffer.o
 .debug_macro   0x0000000000016511      0x1bb ./Drivers/STM32F1xx_HAL_Driver/Src/stm32f1xx_hal.o
 .debug_macro   0x00000000000166cc      0x197 ./Drivers/STM32F1xx_HAL_Driver/Src/stm32f1xx_hal_cortex.o
 .debug_macro   0x0000000000016863      0x202 ./Drivers/STM32F1xx_HAL_Driver/Src/stm32f1xx_hal_gpio.o
 .debug_macro   0x0000000000016a65      0x1a9 ./Drivers/STM32F1xx_HAL_Driver/Src/stm32f1xx_hal_rcc.o
 .debug_macro   0x0000000000016c0e      0x198 ./Drivers/STM32F1xx_HAL_Driver/Src/stm32f1xx_hal_tim.o
 .debug_macro   0x0000000000016da6      0x197 ./Drivers/STM32F1xx_HAL_Driver/Src/stm32f1xx_hal_tim_ex.o

.debug_line     0x0000000000000000     0xc45f
 .debug_line    0x0000000000000000      0x864 ./Core/Src/button.o
 .debug_line    0x0000000000000864      0x7d8 ./Core/Src/control_7SEG.o
 .debug_line    0x000000000000103c      0x14d ./Core/Src/fsm_7SEG_horizontal.o
 .debug_line    0x0000000000001189       0xef ./Core/Src/fsm_7SEG_vertical.o
 .debug_line    0x0000000000001278      0x81a ./Core/Src/fsm_system.o
 .debug_line    0x0000000000001a92      0x274 ./Core/Src/fsm_traffic_blink.o
 .debug_line    0x0000000000001d06      0x702 ./Core/Src/fsm_traffic_horizontal.o
 .debug_line    0x0000000000002408       0xd9 ./Core/Src/fsm_traffic_vertical.o
 .debug_line    0x00000000000024e1       0x61 ./Core/Src/global.o
 .debug_line    0x0000000000002542      0x864 ./Core/Src/main.o
 .debug_line    0x0000000000002da6      0x276 ./Core/Src/software_timer.o
 .debug_line    0x000000000000301c      0x6a1 ./Core/Src/stm32f1xx_hal_msp.o
 .debug_line    0x00000000000036bd      0x73f ./Core/Src/stm32f1xx_it.o
 .debug_line    0x0000000000003dfc      0x6e3 ./Core/Src/system_stm32f1xx.o
 .debug_line    0x00000000000044df      0x853 ./Core/Src/traffic.o
 .debug_line    0x0000000000004d32       0x69 ./Core/Src/traffic_buffer.o
 .debug_line    0x0000000000004d9b       0x86 ./Core/Startup/startup_stm32f103c6ux.o
 .debug_line    0x0000000000004e21      0x910 ./Drivers/STM32F1xx_HAL_Driver/Src/stm32f1xx_hal.o
 .debug_line    0x0000000000005731      0xaf8 ./Drivers/STM32F1xx_HAL_Driver/Src/stm32f1xx_hal_cortex.o
 .debug_line    0x0000000000006229      0x993 ./Drivers/STM32F1xx_HAL_Driver/Src/stm32f1xx_hal_gpio.o
 .debug_line    0x0000000000006bbc      0xd1c ./Drivers/STM32F1xx_HAL_Driver/Src/stm32f1xx_hal_rcc.o
 .debug_line    0x00000000000078d8     0x3361 ./Drivers/STM32F1xx_HAL_Driver/Src/stm32f1xx_hal_tim.o
 .debug_line    0x000000000000ac39     0x1826 ./Drivers/STM32F1xx_HAL_Driver/Src/stm32f1xx_hal_tim_ex.o

.debug_str      0x0000000000000000    0x82e24
 .debug_str     0x0000000000000000    0x7f9e6 ./Core/Src/button.o
                                      0x7fd39 (size before relaxing)
 .debug_str     0x000000000007f9e6      0x108 ./Core/Src/control_7SEG.o
                                      0x7fc8f (size before relaxing)
 .debug_str     0x000000000007faee      0x348 ./Core/Src/fsm_7SEG_horizontal.o
                                       0x3139 (size before relaxing)
 .debug_str     0x000000000007fe36       0x99 ./Core/Src/fsm_7SEG_vertical.o
                                       0x308b (size before relaxing)
 .debug_str     0x000000000007fecf      0x29e ./Core/Src/fsm_system.o
                                      0x80101 (size before relaxing)
 .debug_str     0x000000000008016d       0x60 ./Core/Src/fsm_traffic_blink.o
                                       0x31d2 (size before relaxing)
 .debug_str     0x00000000000801cd       0x40 ./Core/Src/fsm_traffic_horizontal.o
                                      0x7fe5f (size before relaxing)
 .debug_str     0x000000000008020d       0x3c ./Core/Src/fsm_traffic_vertical.o
                                       0x2f7d (size before relaxing)
 .debug_str     0x0000000000080249       0x15 ./Core/Src/global.o
                                       0x2f4b (size before relaxing)
 .debug_str     0x000000000008025e      0x6df ./Core/Src/main.o
                                      0x80963 (size before relaxing)
 .debug_str     0x000000000008093d       0xa4 ./Core/Src/software_timer.o
                                       0x2f07 (size before relaxing)
 .debug_str     0x00000000000809e1      0x2ba ./Core/Src/stm32f1xx_hal_msp.o
                                      0x80350 (size before relaxing)
 .debug_str     0x0000000000080c9b       0xcd ./Core/Src/stm32f1xx_it.o
                                      0x800b2 (size before relaxing)
 .debug_str     0x0000000000080d68       0x52 ./Core/Src/system_stm32f1xx.o
                                      0x7f757 (size before relaxing)
 .debug_str     0x0000000000080dba      0x1d9 ./Core/Src/traffic.o
                                      0x7fd5b (size before relaxing)
 .debug_str     0x0000000000080f93       0x1d ./Core/Src/traffic_buffer.o
                                       0x2f53 (size before relaxing)
 .debug_str     0x0000000000080fb0       0x36 ./Core/Startup/startup_stm32f103c6ux.o
                                         0x4b (size before relaxing)
 .debug_str     0x0000000000080fe6      0x304 ./Drivers/STM32F1xx_HAL_Driver/Src/stm32f1xx_hal.o
                                      0x7fdae (size before relaxing)
 .debug_str     0x00000000000812ea      0x300 ./Drivers/STM32F1xx_HAL_Driver/Src/stm32f1xx_hal_cortex.o
                                      0x7fdb6 (size before relaxing)
 .debug_str     0x00000000000815ea      0x31f ./Drivers/STM32F1xx_HAL_Driver/Src/stm32f1xx_hal_gpio.o
                                      0x7fb1b (size before relaxing)
 .debug_str     0x0000000000081909      0x24f ./Drivers/STM32F1xx_HAL_Driver/Src/stm32f1xx_hal_rcc.o
                                      0x7fb54 (size before relaxing)
 .debug_str     0x0000000000081b58      0xdde ./Drivers/STM32F1xx_HAL_Driver/Src/stm32f1xx_hal_tim.o
                                      0x80b3d (size before relaxing)
 .debug_str     0x0000000000082936      0x4ee ./Drivers/STM32F1xx_HAL_Driver/Src/stm32f1xx_hal_tim_ex.o
                                      0x802de (size before relaxing)

.comment        0x0000000000000000       0x53
 .comment       0x0000000000000000       0x53 ./Core/Src/button.o
                                         0x54 (size before relaxing)
 .comment       0x0000000000000053       0x54 ./Core/Src/control_7SEG.o
 .comment       0x0000000000000053       0x54 ./Core/Src/fsm_7SEG_horizontal.o
 .comment       0x0000000000000053       0x54 ./Core/Src/fsm_7SEG_vertical.o
 .comment       0x0000000000000053       0x54 ./Core/Src/fsm_system.o
 .comment       0x0000000000000053       0x54 ./Core/Src/fsm_traffic_blink.o
 .comment       0x0000000000000053       0x54 ./Core/Src/fsm_traffic_horizontal.o
 .comment       0x0000000000000053       0x54 ./Core/Src/fsm_traffic_vertical.o
 .comment       0x0000000000000053       0x54 ./Core/Src/global.o
 .comment       0x0000000000000053       0x54 ./Core/Src/main.o
 .comment       0x0000000000000053       0x54 ./Core/Src/software_timer.o
 .comment       0x0000000000000053       0x54 ./Core/Src/stm32f1xx_hal_msp.o
 .comment       0x0000000000000053       0x54 ./Core/Src/stm32f1xx_it.o
 .comment       0x0000000000000053       0x54 ./Core/Src/system_stm32f1xx.o
 .comment       0x0000000000000053       0x54 ./Core/Src/traffic.o
 .comment       0x0000000000000053       0x54 ./Core/Src/traffic_buffer.o
 .comment       0x0000000000000053       0x54 ./Drivers/STM32F1xx_HAL_Driver/Src/stm32f1xx_hal.o
 .comment       0x0000000000000053       0x54 ./Drivers/STM32F1xx_HAL_Driver/Src/stm32f1xx_hal_cortex.o
 .comment       0x0000000000000053       0x54 ./Drivers/STM32F1xx_HAL_Driver/Src/stm32f1xx_hal_gpio.o
 .comment       0x0000000000000053       0x54 ./Drivers/STM32F1xx_HAL_Driver/Src/stm32f1xx_hal_rcc.o
 .comment       0x0000000000000053       0x54 ./Drivers/STM32F1xx_HAL_Driver/Src/stm32f1xx_hal_tim.o
 .comment       0x0000000000000053       0x54 ./Drivers/STM32F1xx_HAL_Driver/Src/stm32f1xx_hal_tim_ex.o

.debug_frame    0x0000000000000000     0x2ca4
 .debug_frame   0x0000000000000000       0xf8 ./Core/Src/button.o
 .debug_frame   0x00000000000000f8       0xa8 ./Core/Src/control_7SEG.o
 .debug_frame   0x00000000000001a0       0x2c ./Core/Src/fsm_7SEG_horizontal.o
 .debug_frame   0x00000000000001cc       0x2c ./Core/Src/fsm_7SEG_vertical.o
 .debug_frame   0x00000000000001f8       0x2c ./Core/Src/fsm_system.o
 .debug_frame   0x0000000000000224       0x48 ./Core/Src/fsm_traffic_blink.o
 .debug_frame   0x000000000000026c       0x2c ./Core/Src/fsm_traffic_horizontal.o
 .debug_frame   0x0000000000000298       0x2c ./Core/Src/fsm_traffic_vertical.o
 .debug_frame   0x00000000000002c4       0xd4 ./Core/Src/main.o
 .debug_frame   0x0000000000000398      0x1c0 ./Core/Src/software_timer.o
 .debug_frame   0x0000000000000558       0x80 ./Core/Src/stm32f1xx_hal_msp.o
 .debug_frame   0x00000000000005d8      0x120 ./Core/Src/stm32f1xx_it.o
 .debug_frame   0x00000000000006f8       0x58 ./Core/Src/system_stm32f1xx.o
 .debug_frame   0x0000000000000750      0x25c ./Core/Src/traffic.o
 .debug_frame   0x00000000000009ac      0x334 ./Drivers/STM32F1xx_HAL_Driver/Src/stm32f1xx_hal.o
 .debug_frame   0x0000000000000ce0      0x428 ./Drivers/STM32F1xx_HAL_Driver/Src/stm32f1xx_hal_cortex.o
 .debug_frame   0x0000000000001108      0x14c ./Drivers/STM32F1xx_HAL_Driver/Src/stm32f1xx_hal_gpio.o
 .debug_frame   0x0000000000001254      0x218 ./Drivers/STM32F1xx_HAL_Driver/Src/stm32f1xx_hal_rcc.o
 .debug_frame   0x000000000000146c     0x11b4 ./Drivers/STM32F1xx_HAL_Driver/Src/stm32f1xx_hal_tim.o
 .debug_frame   0x0000000000002620      0x638 ./Drivers/STM32F1xx_HAL_Driver/Src/stm32f1xx_hal_tim_ex.o
 .debug_frame   0x0000000000002c58       0x2c c:/st/stm32cubeide_1.7.0/stm32cubeide/plugins/com.st.stm32cube.ide.mcu.externaltools.gnu-tools-for-stm32.9-2020-q2-update.win32_2.0.0.202105311346/tools/bin/../lib/gcc/arm-none-eabi/9.3.1/../../../../arm-none-eabi/lib/thumb/v7-m/nofp\libc_nano.a(lib_a-init.o)
 .debug_frame   0x0000000000002c84       0x20 c:/st/stm32cubeide_1.7.0/stm32cubeide/plugins/com.st.stm32cube.ide.mcu.externaltools.gnu-tools-for-stm32.9-2020-q2-update.win32_2.0.0.202105311346/tools/bin/../lib/gcc/arm-none-eabi/9.3.1/../../../../arm-none-eabi/lib/thumb/v7-m/nofp\libc_nano.a(lib_a-memset.o)
