22:12:40 **** Incremental Build of configuration Debug for project EX ****
make -j16 all 
arm-none-eabi-gcc "../Core/Src/main.c" -mcpu=cortex-m3 -std=gnu11 -g3 -DDEBUG -DUSE_HAL_DRIVER -DSTM32F103x6 -c -I../Core/Inc -I../Drivers/STM32F1xx_HAL_Driver/Inc -I../Drivers/STM32F1xx_HAL_Driver/Inc/Legacy -I../Drivers/CMSIS/Device/ST/STM32F1xx/Include -I../Drivers/CMSIS/Include -O0 -ffunction-sections -fdata-sections -Wall -fstack-usage -MMD -MP -MF"Core/Src/main.d" -MT"Core/Src/main.o" --specs=nano.specs -mfloat-abi=soft -mthumb -o "Core/Src/main.o"
arm-none-eabi-gcc -o "EX.elf" @"objects.list"   -mcpu=cortex-m3 -T"W:\LAB3_VXL\EX\STM32F103C6UX_FLASH.ld" --specs=nosys.specs -Wl,-Map="EX.map" -Wl,--gc-sections -static --specs=nano.specs -mfloat-abi=soft -mthumb -Wl,--start-group -lc -lm -Wl,--end-group
Finished building target: EX.elf
 
arm-none-eabi-size   EX.elf 
arm-none-eabi-objdump -h -S  EX.elf  > "EX.list"
arm-none-eabi-objcopy  -O ihex  EX.elf  "EX.hex"
   text	   data	    bss	    dec	    hex	filename
  13856	    148	   1796	  15800	   3db8	EX.elf
arm-none-eabi-objcopy  -O binary  EX.elf  "EX.bin"
Finished building: default.size.stdout
 
Finished building: EX.hex
Finished building: EX.bin
 
 
Finished building: EX.list
 
