traffic.c:13:6:setRed_horizontal	8	static
traffic.c:19:6:setGreen_horizontal	8	static
traffic.c:25:6:setYellow_horizontal	8	static
traffic.c:31:6:setRed_vertical	8	static
traffic.c:37:6:setGreen_vertical	8	static
traffic.c:43:6:setYellow_vertical	8	static
traffic.c:51:6:toggleLedRed	8	static
traffic.c:55:6:toggleRed_horizontal	8	static
traffic.c:59:6:toggleGreen_horizontal	8	static
traffic.c:63:6:toggleYellow_horizontal	8	static
traffic.c:67:6:toggleRed_vertical	8	static
traffic.c:71:6:toggleGreen_vertical	8	static
traffic.c:75:6:toggleYellow_vertical	8	static
traffic.c:79:6:offAllLed_horizontal	8	static
traffic.c:84:6:offGreenYellow_horizontal	8	static
traffic.c:88:6:offGreenRed_horizontal	8	static
traffic.c:92:6:offRedYellow_horizontal	8	static
traffic.c:98:6:offAllLed_vertical	8	static
traffic.c:103:6:offGreenYellow_vertical	8	static
traffic.c:107:6:offGreenRed_vertical	8	static
traffic.c:111:6:offRedYellow_vertical	8	static
